// Jest Snapshot v1, https://goo.gl/fbAQLP

exports[`should render the component App 1`] = `
<div
  className="calc"
>
  <div
    className="calculator-grid"
  >
    <div
      className="output"
    >
      <div
        className="previous-operand"
      >
         
      </div>
      <div
        className="current-operand"
      >
        2
      </div>
    </div>
    <button
      className="span-two"
      onClick={[Function]}
    >
      AC
    </button>
    <button
      onClick={[Function]}
    >
      DEL
    </button>
    <button
      onClick={[Function]}
      value="/"
    >
      /
    </button>
    <button
      onClick={[Function]}
      value={1}
    >
      1
    </button>
    <button
      onClick={[Function]}
      value={2}
    >
      2
    </button>
    <button
      onClick={[Function]}
      value={3}
    >
      3
    </button>
    <button
      onClick={[Function]}
      value="*"
    >
      *
    </button>
    <button
      onClick={[Function]}
      value={4}
    >
      4
    </button>
    <button
      onClick={[Function]}
      value={5}
    >
      5
    </button>
    <button
      onClick={[Function]}
      value={6}
    >
      6
    </button>
    <button
      onClick={[Function]}
      value="+"
    >
      +
    </button>
    <button
      onClick={[Function]}
      value={7}
    >
      7
    </button>
    <button
      onClick={[Function]}
      value={8}
    >
      8
    </button>
    <button
      onClick={[Function]}
      value={9}
    >
      9
    </button>
    <button
      onClick={[Function]}
      value="-"
    >
      -
    </button>
    <button
      onClick={[Function]}
      value="."
    >
      .
    </button>
    <button
      onClick={[Function]}
      value={0}
    >
      0
    </button>
    <button
      className="span-two"
      onClick={[Function]}
    >
      =
    </button>
  </div>
</div>
`;
